[backblue.gif]
[fade.gif]
[index.html]
[dkrmds.com/favicon.png]
[kit.fontawesome.com/02d769ca5f.js]
[cdn.jsdelivr.net/npm/swiper@10/swiper-bundle.min.css]
[cdn.jsdelivr.net/npm/slick-carousel@1.8.1/slick/slick.css]
[cdn.jsdelivr.net/npm/slick-carousel@1.8.1/slick/slick-theme.css]
[dkrmds.com/js/jquery-3.7.0.min.js]
[dkrmds.com/js/common.js]
[dkrmds.com/images/vid02.mp4]
[cdn.jsdelivr.net/npm/slick-carousel@1.8.1/slick/slick.min.js]
[dkrmds.com/images/songpa.png]
[cdn.jsdelivr.net/npm/swiper@10/swiper-bundle.min.js]
[dkrmds.com/images/pascucci.png]
[dkrmds.com/images/biff.png]
[dkrmds.com/images/yg.png]
[dkrmds.com/images/huxley.png]
[dkrmds.com/images/card01.png]
[dkrmds.com/images/card02.png]
[dkrmds.com/images/insta03.jpg]
[dkrmds.com/images/card04.jpg]
[dkrmds.com/images/design_banner01.png]
[dkrmds.com/images/design_banner02.png]
[dkrmds.com/images/design_banner03.png]
[dkrmds.com/images/design_banner04.png]
[dkrmds.com/images/design_banner05.jpg]
[dkrmds.com/images/kakao.png]
[dkrmds.com/images/insta01.jpg]
[dkrmds.com/index.html]
[cdn.jsdelivr.net/npm/swiper@10/swiper-bundle.min.css]
[cdn.jsdelivr.net/npm/slick-carousel@1.8.1/slick/slick.css]
[cdn.jsdelivr.net/npm/slick-carousel@1.8.1/slick/ajax-loader.gif]
[cdn.jsdelivr.net/npm/slick-carousel@1.8.1/slick/fonts/slick.eot]
[cdn.jsdelivr.net/npm/slick-carousel@1.8.1/slick/fonts/slickd41d.eot]
[cdn.jsdelivr.net/npm/slick-carousel@1.8.1/slick/fonts/slick.woff]
[cdn.jsdelivr.net/npm/slick-carousel@1.8.1/slick/fonts/slick.ttf]
[cdn.jsdelivr.net/npm/slick-carousel@1.8.1/slick/fonts/slick.svg]
[cdn.jsdelivr.net/npm/slick-carousel@1.8.1/slick/slick-theme.css]
[cdn.jsdelivr.net/gh/orioncactus/pretendard@v1.3.8/dist/web/static/pretendard.css]
[dkrmds.com/images/rainbow_2174036.png]
[dkrmds.com/images/aboutimg.png]
[dkrmds.com/css/style.css]
[dkrmds.com/images/songpa.png]
[dkrmds.com/offices/js/jquery-3.7.0.min.js]
[dkrmds.com/offices/js/common.js]
[cdn.jsdelivr.net/bxslider/4.2.12/jquery.bxslider.min.js]
[dkrmds.com/offices/images/bottom_arrow.png]
[dkrmds.com/offices/images/sonpa_run.png]
[dkrmds.com/offices/images/sg_sub_close.png]
[dkrmds.com/offices/images/logo.png]
[dkrmds.com/offices/images/menu.png]
[dkrmds.com/offices/images/mainslide01.png]
[dkrmds.com/offices/images/mainslide02.png]
[dkrmds.com/offices/images/mainslide03.png]
[dkrmds.com/offices/images/mainslide04.png]
[dkrmds.com/offices/images/pause.png]
[dkrmds.com/offices/images/play.png]
[dkrmds.com/offices/images/search.png]
[dkrmds.com/offices/images/subbanner.png]
[dkrmds.com/offices/images/icon01.png]
[dkrmds.com/offices/images/icon02.png]
[dkrmds.com/offices/images/icon03.png]
[dkrmds.com/offices/images/icon04.png]
[dkrmds.com/offices/images/banner_menu01.png]
[dkrmds.com/offices/images/banner_menu02.png]
[dkrmds.com/offices/images/banner_menu03.png]
[dkrmds.com/offices/images/banner_menu04.png]
[dkrmds.com/offices/images/banner_menu05.png]
[dkrmds.com/offices/images/banner_menu06.png]
[dkrmds.com/offices/images/banner_menu07.png]
[dkrmds.com/offices/images/banner_menu08.png]
[dkrmds.com/offices/images/banner_menu09.png]
[dkrmds.com/offices/images/banner_menu10.png]
[dkrmds.com/offices/images/banner_menu11.png]
[dkrmds.com/offices/images/plus_btn.png]
[dkrmds.com/offices/images/wesongpa.png]
[dkrmds.com/offices/images/wesongpa01.png]
[dkrmds.com/offices/images/wesongpa02.png]
[dkrmds.com/offices/images/wesongpa03.png]
[dkrmds.com/offices/images/wesongpa04.png]
[dkrmds.com/offices/images/wesongpa05.png]
[dkrmds.com/offices/images/wesongpa06.png]
[dkrmds.com/offices/images/wesongpa07.png]
[dkrmds.com/offices/images/wesongpa08.png]
[dkrmds.com/offices/images/wesongpa09.png]
[dkrmds.com/offices/images/wesongpa10.png]
[dkrmds.com/offices/images/wesongpa11.png]
[dkrmds.com/offices/images/wesongpa12.png]
[dkrmds.com/offices/images/wesongpa13.png]
[dkrmds.com/offices/images/wesongpa14.png]
[dkrmds.com/offices/images/wesongpa15.png]
[dkrmds.com/offices/images/wesongpa16.png]
[dkrmds.com/offices/images/wesongpa17.png]
[dkrmds.com/offices/images/wesongpa18.png]
[dkrmds.com/offices/images/serviceimg01.png]
[dkrmds.com/offices/images/serviceimg02.png]
[dkrmds.com/offices/images/serviceimg03.png]
[dkrmds.com/offices/images/serviceimg04.png]
[dkrmds.com/offices/images/serviceimg05.png]
[dkrmds.com/offices/images/serviceimg06.png]
[dkrmds.com/offices/images/serviceimg07.png]
[dkrmds.com/offices/images/serviceimg08.png]
[dkrmds.com/offices/images/serviceimg09.png]
[dkrmds.com/offices/images/serviceimg10.png]
[dkrmds.com/offices/images/serviceimg11.png]
[dkrmds.com/offices/images/serviceimg12.png]
[dkrmds.com/offices/images/serviceimg13.png]
[dkrmds.com/offices/images/serviceimg14.png]
[dkrmds.com/offices/images/serviceimg15.png]
[dkrmds.com/offices/images/serviceimg16.png]
[dkrmds.com/offices/images/serviceimg17.png]
[dkrmds.com/offices/images/serviceimg18.png]
[dkrmds.com/offices/images/alarm_banner01.png]
[dkrmds.com/offices/images/alarm_banner02.png]
[dkrmds.com/offices/images/sns_logo_01.png]
[dkrmds.com/offices/images/sns_logo_02.png]
[dkrmds.com/offices/images/sns_logo_03.png]
[dkrmds.com/offices/images/sns_logo_04.png]
[dkrmds.com/offices/images/sns_logo_05.png]
[dkrmds.com/offices/images/sns_logo_06.png]
[dkrmds.com/offices/images/sns_logo_07.png]
[dkrmds.com/offices/images/snsimg02.png]
[dkrmds.com/offices/images/card_news_01.png]
[dkrmds.com/offices/images/card_news_02.png]
[dkrmds.com/offices/images/card_news_03.png]
[dkrmds.com/offices/images/nftf_img01.png]
[dkrmds.com/offices/images/nftf_img02.png]
[dkrmds.com/offices/images/nftf_img03.png]
[dkrmds.com/offices/images/nftf_img04.png]
[dkrmds.com/offices/images/nftf_img05.png]
[dkrmds.com/offices/images/nftf_img06.png]
[dkrmds.com/offices/images/nftf_img07.png]
[dkrmds.com/offices/images/nftf_img08.png]
[dkrmds.com/offices/images/wtmark.png]
[dkrmds.com/offices/index.html]
[dkrmds.com/images/pascucci.png]
[dkrmds.com/pascucci/js/jquery-3.7.0.min.js]
[dkrmds.com/pascucci/js/common.js]
[dkrmds.com/pascucci/images/logo_3.png]
[dkrmds.com/pascucci/images/slide_banner01.png]
[dkrmds.com/pascucci/images/slide_banner02.png]
[dkrmds.com/pascucci/images/slide_banner03.png]
[dkrmds.com/pascucci/images/drink01.png]
[dkrmds.com/pascucci/images/drink02.png]
[dkrmds.com/pascucci/images/drink03.png]
[dkrmds.com/pascucci/images/drink04.png]
[dkrmds.com/pascucci/images/food01.png]
[dkrmds.com/pascucci/images/food02.png]
[dkrmds.com/pascucci/images/food03.png]
[dkrmds.com/pascucci/images/food04.png]
[dkrmds.com/pascucci/images/md01.png]
[dkrmds.com/pascucci/images/md02.png]
[dkrmds.com/pascucci/images/md03.png]
[dkrmds.com/pascucci/images/md04.png]
[dkrmds.com/pascucci/images/bestmenu01.png]
[dkrmds.com/pascucci/images/bestmenu02.png]
[dkrmds.com/pascucci/images/bestmenu03.png]
[dkrmds.com/pascucci/images/bestmenu04.png]
[dkrmds.com/pascucci/images/store02.png]
[dkrmds.com/pascucci/images/store01.png]
[dkrmds.com/pascucci/images/business01.png]
[dkrmds.com/pascucci/images/business02.png]
[dkrmds.com/pascucci/images/business03.png]
[dkrmds.com/pascucci/index.html]
[dkrmds.com/images/biff.png]
[dkrmds.com/biff/favicon.ico]
[dkrmds.com/biff/js/isotope.pkgd.min.js]
[dkrmds.com/biff/js/main2.js]
[dkrmds.com/biff/img/p1.jpg]
[dkrmds.com/biff/img/p2.jpg]
[dkrmds.com/biff/img/p3.jpg]
[dkrmds.com/biff/img/p4.jpg]
[dkrmds.com/biff/img/p5.jpg]
[dkrmds.com/biff/img/p6.jpg]
[dkrmds.com/biff/img/p7.jpg]
[dkrmds.com/biff/img/p8.jpg]
[dkrmds.com/biff/img/p9.jpg]
[dkrmds.com/biff/img/p10.jpg]
[dkrmds.com/biff/img/p11.jpg]
[dkrmds.com/biff/img/p12.jpg]
[dkrmds.com/biff/img/p13.jpg]
[dkrmds.com/biff/img/p14.jpg]
[dkrmds.com/biff/img/p15.jpg]
[dkrmds.com/biff/img/p16.jpg]
[dkrmds.com/biff/img/p17.jpg]
[dkrmds.com/biff/img/p18.jpg]
[dkrmds.com/biff/img/p19.jpg]
[dkrmds.com/biff/img/p20.jpg]
[dkrmds.com/biff/index.html]
[dkrmds.com/yg/favicon.ico]
[dkrmds.com/yg/js/main.js]
[dkrmds.com/yg/vids/logo.png]
[dkrmds.com/yg/vids/vid1.mp4]
[dkrmds.com/yg/vids/vid2.mp4]
[dkrmds.com/yg/vids/vid3.mp4]
[dkrmds.com/yg/vids/vid4.mp4]
[dkrmds.com/yg/index.html]
[dkrmds.com/images/huxley.png]
[dkrmds.com/huxley/favicon.ico]
[code.jquery.com/jquery-3.7.0.min.js]
[dkrmds.com/huxley/js/main.js]
[dkrmds.com/huxley/images/lu_1.png]
[dkrmds.com/huxley/images/lu_2.png]
[dkrmds.com/huxley/images/lu_3.png]
[dkrmds.com/huxley/images/lu_4.png]
[dkrmds.com/huxley/images/p01.png]
[dkrmds.com/huxley/images/p02.png]
[dkrmds.com/huxley/images/p03.png]
[dkrmds.com/huxley/images/p04.png]
[dkrmds.com/huxley/images/p05.png]
[dkrmds.com/huxley/images/p06.png]
[dkrmds.com/huxley/images/p07.png]
[dkrmds.com/huxley/images/p08.png]
[dkrmds.com/huxley/index.html]
[dkrmds.com/images/card01.png]
[dkrmds.com/images/card02.png]
[dkrmds.com/images/insta03.jpg]
[dkrmds.com/images/design_banner03.png]
[dkrmds.com/images/design_banner04.png]
[dkrmds.com/images/insta01.jpg]
[cdn.jsdelivr.net/npm/slick-carousel@1.8.1/slick/fonts/slick.svg]
[cdn.jsdelivr.net/gh/orioncactus/pretendard@v1.3.8/dist/web/static/pretendard.css]
[dkrmds.com/images/songpa.png]
[dkrmds.com/offices/css/reset.css]
[dkrmds.com/offices/css/style.css]
[dkrmds.com/offices/images/alarm_banner02.png]
[dkrmds.com/images/pascucci.png]
[dkrmds.com/pascucci/css/reset.css]
[dkrmds.com/pascucci/css/style.css]
[dkrmds.com/pascucci/images/slide_banner03.png]
[dkrmds.com/biff/img/header_bg.png]
[dkrmds.com/biff/css/style.css]
[dkrmds.com/biff/_.html]
[dkrmds.com/biff/.html]
[dkrmds.com/biff/-2.html]
[dkrmds.com/biff/img/p16.jpg]
[dkrmds.com/biff/img/p18.jpg]
[dkrmds.com/biff/img/p20.jpg]
[dkrmds.com/yg/css/style.css]
[dkrmds.com/yg/vids/vid1.mp4]
[dkrmds.com/yg/vids/vid2.mp4]
[dkrmds.com/yg/vids/vid3.mp4]
[dkrmds.com/huxley/css/reset.css]
[dkrmds.com/images/huxley.png]
[dkrmds.com/huxley/images/logo.png]
[dkrmds.com/huxley/images/main_02-01.png]
[dkrmds.com/huxley/images/main_02-02.png]
[dkrmds.com/huxley/images/main_02-03.png]
[dkrmds.com/huxley/images/tool_if_bg.png]
[dkrmds.com/huxley/images/brand_bg.png]
[dkrmds.com/huxley/images/event_bg_txt.png]
[dkrmds.com/huxley/images/lineup_bg_txt.png]
[dkrmds.com/huxley/images/video_bg.png]
[dkrmds.com/huxley/images/video_bg_txt.png]
[dkrmds.com/huxley/images/product_bg_txt.png]
[dkrmds.com/huxley/images/news_bg_txt.png]
[dkrmds.com/huxley/css/style.css]
[dkrmds.com/images/card02.png]
[dkrmds.com/images/insta01.jpg]
[dkrmds.com/biff/img/p20.jpg]
[dkrmds.com/yg/vids/vid2.mp4]
[dkrmds.com/yg/vids/vid3.mp4]
[dkrmds.com/huxley/images/bg_gnb_all.html]
[dkrmds.com/huxley/images/main_02-01.png]
[dkrmds.com/huxley/images/main_02-03.png]
[dkrmds.com/huxley/images/video_bg.png]
